1 
2 
2 3 7 
2 157 
7 199 5743 
2 2 2 2 2 2 2 2 2 5 5 5 5 5 5 
